Versión de MSBuild 17.9.8+610b4d3b5 para .NET
  Determining projects to restore...
  Todos los proyectos están actualizados para la restauración.
C:\Users\Lucas\Desktop\Ticket\Local\TicketsAndretich.Web\Views\Admin\Usuarios.cshtml(22,54): error RZ1031: The tag helper 'option' must not have C# in the element's attribute declaration area. [C:\Users\Lucas\Desktop\Ticket\Local\TicketsAndretich.Web\TicketsAndretich.Web.csproj]
C:\Users\Lucas\Desktop\Ticket\Local\TicketsAndretich.Web\Program.cs(18,18): error CS1061: "IServiceCollection" no contiene una definición para "AddDatabaseDeveloperPageExceptionFilter" ni un método de extensión accesible "AddDatabaseDeveloperPageExceptionFilter" que acepte un primer argumento del tipo "IServiceCollection" (¿falta alguna directiva using o una referencia de ensamblado?) [C:\Users\Lucas\Desktop\Ticket\Local\TicketsAndretich.Web\TicketsAndretich.Web.csproj]
C:\Users\Lucas\Desktop\Ticket\Local\TicketsAndretich.Web\Program.cs(58,9): error CS1061: "WebApplication" no contiene una definición para "UseMigrationsEndPoint" ni un método de extensión accesible "UseMigrationsEndPoint" que acepte un primer argumento del tipo "WebApplication" (¿falta alguna directiva using o una referencia de ensamblado?) [C:\Users\Lucas\Desktop\Ticket\Local\TicketsAndretich.Web\TicketsAndretich.Web.csproj]

ERROR al compilar.

C:\Users\Lucas\Desktop\Ticket\Local\TicketsAndretich.Web\Views\Admin\Usuarios.cshtml(22,54): error RZ1031: The tag helper 'option' must not have C# in the element's attribute declaration area. [C:\Users\Lucas\Desktop\Ticket\Local\TicketsAndretich.Web\TicketsAndretich.Web.csproj]
C:\Users\Lucas\Desktop\Ticket\Local\TicketsAndretich.Web\Program.cs(18,18): error CS1061: "IServiceCollection" no contiene una definición para "AddDatabaseDeveloperPageExceptionFilter" ni un método de extensión accesible "AddDatabaseDeveloperPageExceptionFilter" que acepte un primer argumento del tipo "IServiceCollection" (¿falta alguna directiva using o una referencia de ensamblado?) [C:\Users\Lucas\Desktop\Ticket\Local\TicketsAndretich.Web\TicketsAndretich.Web.csproj]
C:\Users\Lucas\Desktop\Ticket\Local\TicketsAndretich.Web\Program.cs(58,9): error CS1061: "WebApplication" no contiene una definición para "UseMigrationsEndPoint" ni un método de extensión accesible "UseMigrationsEndPoint" que acepte un primer argumento del tipo "WebApplication" (¿falta alguna directiva using o una referencia de ensamblado?) [C:\Users\Lucas\Desktop\Ticket\Local\TicketsAndretich.Web\TicketsAndretich.Web.csproj]
    0 Advertencia(s)
    3 Errores

Tiempo transcurrido 00:00:01.50
